// Jest Snapshot v1, https://goo.gl/fbAQLP

exports[`webpack5: documents-simple 1`] = `
{
  "main.bundle.js": {
    "_size": 3450,
  },
}
`;
